---
source: crates/pixi_build_go/src/main.rs
expression: generated_recipe.recipe
---
context: {}
package:
  name: foobar
  version: 0.1.0
source: []
build:
  script: "[ ... script ... ]"
requirements:
  build:
    - "${{ compiler('go-nocgo') }}"
    - go-licenses
  host: []
  run:
    - boltons
  run_constraints: []
tests: []
about: {}
